
> react-typescript-starter@0.1.0 test
> react-scripts test "--coverage"

PASS src/nested.test.ts
PASS src/arrays.test.ts
PASS src/objects.test.ts
PASS src/functions.test.ts
PASS src/quizzer/Quizzer.test.tsx
PASS src/App.test.tsx
----------------|---------|----------|---------|---------|-------------------
File            | % Stmts | % Branch | % Funcs | % Lines | Uncovered Line #s 
----------------|---------|----------|---------|---------|-------------------
All files       |     100 |    98.33 |     100 |     100 |                   
 src            |     100 |    98.33 |     100 |     100 |                   
  App.tsx       |     100 |      100 |     100 |     100 |                   
  arrays.ts     |     100 |      100 |     100 |     100 |                   
  functions.ts  |     100 |      100 |     100 |     100 |                   
  nested.ts     |     100 |    95.23 |     100 |     100 | 295               
  objects.ts    |     100 |      100 |     100 |     100 |                   
 src/interfaces |       0 |        0 |       0 |       0 |                   
  answer.ts     |       0 |        0 |       0 |       0 |                   
  question.ts   |       0 |        0 |       0 |       0 |                   
 src/quizzer    |     100 |      100 |     100 |     100 |                   
  Quizzer.tsx   |     100 |      100 |     100 |     100 |                   
----------------|---------|----------|---------|---------|-------------------

Test Suites: 6 passed, 6 total
Tests:       42 passed, 42 total
Snapshots:   0 total
Time:        3.526 s
Ran all test suites.
